[nestedloop] running 6 nested loops with 60 iterations each
[nestedloop] returned -588640256
